package client // import "github.com/a-holm/messq/pkg/client"

Package client is the public Go client for a messq daemon
(github.com/a-holm/messq/pkg/client): a thin request/response layer over the
HTTP surface plus a Worker helper that owns lease renewal, so callers never
hand-roll heartbeats — the #1 at-least-once footgun, solved in the library
(PLAN.md D14). The messq CLI itself consumes this package, which keeps it real:
every CLI exercise is an exercise of this code.

# Delivery is at-least-once

A message claimed by Fetch stays invisible for its ack_wait while you work
on it. Settle it with Ack when the work is durable; do nothing (or Nak) and
it redelivers after ack_wait. If your process dies mid-handler, the message
comes back: handlers must be idempotent. The key PLAN.md §6 recommends for
deduplication is stream+sequence, stable across every redelivery AND across a
dead-letter redrive — Delivered.DedupKey hands it to you so the right answer is
the easy answer:

    seen := map[string]bool{} // your own transactional store in real code
    err := worker.Run(ctx, func(ctx context.Context, m *client.Delivered) error {
        if seen[m.DedupKey()] {
            return nil // already done; the ack still lands
        }
        if err := apply(ctx, m); err != nil {
            return client.Permanent(fmt.Errorf("unsupported payload: %w", err))
        }
        seen[m.DedupKey()] = true
        return nil
    })

The Worker extends leases at half the ack wait (WorkerConfig.ExtendAt) so a
long handler is never raced by the broker's sweeper, naks what it holds when
draining, and never settles a token whose lease it has reported lost — a
duplicate handler run shows up as a named redelivery, not as a stale ack.

# Lenient decode, strict encode

This package ignores unknown fields in responses and preserves unknown error
codes verbatim: a minor daemon release may add fields or codes without breaking
deployed workers. Requests are the opposite — the server rejects what it does
not know, loudly.

# Compatibility promise

Everything exported here under github.com/a-holm/messq/pkg/client follows the Go
1 compatibility promise from its first tagged release: no exported name changes
meaning, none disappears. Additions are minor versions; breaking the promise
requires a new module path.

CONSTANTS

const (
	DefaultPublishBatchCap = 1000 // the daemon's default --max-batch-messages

)
    Package defaults (issue §9).

const (
	MaxStreamNameBytes    = 64
	MaxNewStreamNameBytes = MaxStreamNameBytes - len(".dlq")
	MaxConsumerNameBytes  = 64
)
    The explicit bounds of rule S11, mirroring internal/subject.


VARIABLES

var (
	ErrBadRequest      = errors.New("bad_request")
	ErrBadSubject      = errors.New("bad_subject")
	ErrSubjectMismatch = errors.New("subject_mismatch")
	// Reserved-header refusals are a bad_request family member AND their own
	// sentinel: the %w chain makes both errors.Is targets true.
	ErrReservedHeader       = fmt.Errorf("reserved_header: %w", ErrBadRequest)
	ErrReservedName         = errors.New("reserved_name")
	ErrInvalidToken         = errors.New("invalid_token")
	ErrUnauthorized         = errors.New("unauthorized")
	ErrForbidden            = errors.New("forbidden")
	ErrNotFound             = errors.New("not_found")
	ErrMethodNotAllowed     = errors.New("method_not_allowed")
	ErrConflict             = errors.New("conflict")
	ErrStreamExists         = errors.New("stream_exists")
	ErrImmutableField       = errors.New("immutable_field")
	ErrWouldLoseData        = errors.New("would_lose_data")
	ErrStaleAck             = errors.New("stale_ack")
	ErrExtendCapped         = errors.New("extend_capped")
	ErrPaused               = errors.New("paused")
	ErrTooLarge             = errors.New("too_large")
	ErrHeaderTooLarge       = errors.New("header_too_large")
	ErrUnsupportedMediaType = errors.New("unsupported_media_type")
	ErrUnsupported          = errors.New("unsupported")
	ErrFlowControl          = errors.New("flow_control")
	ErrRateLimited          = errors.New("rate_limited")
	ErrInternal             = errors.New("internal")
	ErrCommitUnknown        = errors.New("commit_unknown")
	ErrBusy                 = errors.New("busy")
	ErrTooManyWaiters       = errors.New("too_many_waiters")
	ErrReadOnly             = errors.New("read_only")
	ErrShuttingDown         = errors.New("shutting_down")
	ErrDiskFull             = errors.New("disk_full")
	ErrStreamFull           = errors.New("stream_full")

	// ErrUnreachable classifies transport-level failures: dial refused, missing socket,
	// EOF. It is also the code an *Error carries for them.
	ErrUnreachable = errors.New("unavailable")

	// Local refusals that never ride HTTP.
	ErrBadAddress = errors.New("bad address")
	ErrRedirect   = errors.New("redirect refused")
	ErrConfig     = errors.New("configuration error")

	// ErrLeaseLost is the cause a Worker cancels a handler's context with when the
	// broker no longer honours the token's lease (restart fencing, extend give-up).
	ErrLeaseLost = errors.New("lease lost")
)
    The sentinels of the typed error model (issue §4). A wire *Error matches the
    sentinel for its machine code via errors.Is; an unknown code matches none,
    so a newer daemon degrades to a rendered message instead of breaking older
    clients (Decision 2).

var ErrPermanent = errors.New("messq: permanent handler failure")
    ErrPermanent marks a handler failure as permanent: the delivery dead-letters
    via Term instead of retrying. Wrap causes with Permanent to carry them
    along.


FUNCTIONS

func AddrFromEnv() (string, bool)
    AddrFromEnv reads MESSQ_ADDR, same explicit-helper contract as TokenFromEnv.

func MaxBatch(msgs []Msg, n int) [][]Msg
    MaxBatch splits msgs into chunks of at most n so chunking is explicit and
    visible in caller code rather than hidden inside the client.

func Permanent(err error) error
    Permanent wraps err so errors.Is(err, ErrPermanent) is true while the
    original cause stays unwrappable.

func RetryAfter(d time.Duration, err error) error
    RetryAfter returns an error that makes the Worker nak with exactly d of
    visibility delay (T4), overriding the consumer's backoff schedule for this
    one release.


TYPES

type AdminOption func(url.Values)
    AdminOption is one query-string modifier of a mutating control-plane call.

func AllowDataLoss() AdminOption
    AllowDataLoss acknowledges an operation that would drop data
    (?allow_data_loss=1).

func Confirm(name string) AdminOption
    Confirm names the resource being destroyed (?confirm=<name>). The client
    never fills this in by itself.

func DryRun() AdminOption
    DryRun asks the daemon to validate without executing (?dry_run=1).

type BackoffConfig struct {
	Initial time.Duration // default 100ms
	Max     time.Duration // default 30s
}
    BackoffConfig is the reconnect/hold backoff: exponential ×2 from Initial to
    Max, ALWAYS ±20 % jittered (§5.1's rule applied client-side).

type Client struct {
	// Has unexported fields.
}
    Client is a messq client bound to one daemon address. Safe for concurrent
    use. Construct with New; the zero value is not usable.

func New(addr string, opts ...Option) (*Client, error)
    New binds a client to addr, one of:

        unix:///run/messq/messq.sock   Unix socket (the daemon's default listener)
        /run/messq/messq.sock          bare absolute path — same as above
        ./messq.sock                   explicit relative path
        http://127.0.0.1:4390          plain HTTP
        https://messq.example.com      TLS (bring your own *http.Client for custom roots)
        tcp://127.0.0.1:4390           same as http:// — --listen speaks tcp://

    Anything else is refused with an error wrapping ErrBadAddress that names the
    accepted forms. New performs no I/O; it cannot detect a missing socket.

func (c *Client) Ack(ctx context.Context, tokens ...string) (SettleResult, error)
    Ack settles deliveries as done. Repeat acks are safe (T3a makes them
    idempotent).

func (c *Client) CreateConsumer(ctx context.Context, stream string, cfg ConsumerConfig) (ConsumerView, error)

func (c *Client) CreateStream(ctx context.Context, cfg StreamConfig) (StreamView, error)

func (c *Client) DeleteConsumer(ctx context.Context, stream, name string, opts ...AdminOption) (DeleteResult, error)

func (c *Client) DeleteStream(ctx context.Context, name string, opts ...AdminOption) (DeleteResult, error)

func (c *Client) Extend(ctx context.Context, tokens ...string) (SettleResult, error)
    Extend renews every token's lease by its ack_wait (T7), capped by the
    daemon's --max-ack-wait. Results are per-token: unknown/stale mean the lease
    is gone.

func (c *Client) Fetch(ctx context.Context, stream, consumer string, req FetchRequest) (FetchResponse, error)
    Fetch long-polls one batch for a consumer. Wait parks server-side;
    the response always has ONE shape: possibly-empty messages, why (Hold), and
    the EFFECTIVE clamped request values. Fetch never carries the control-plane
    timeout — the wait owns the deadline, and a cancelled context may still
    have claimed messages (#14 §6.6); that is why Drain exists instead of "just
    cancel".

func (c *Client) GetConsumer(ctx context.Context, stream, name string) (ConsumerView, error)

func (c *Client) GetStream(ctx context.Context, name string) (StreamView, error)

func (c *Client) Healthz(ctx context.Context) error
    Healthz reports nil once the daemon answers 200 — the body is plain text,
    not JSON, so this rides its own status-only path.

func (c *Client) Info(ctx context.Context) (Info, error)
    Info reads the daemon's self-description.

func (c *Client) ListConsumers(ctx context.Context, stream string) ([]ConsumerView, error)

func (c *Client) ListMessages(ctx context.Context, stream string, opts ListOptions) (MessagePage, error)

func (c *Client) ListStreams(ctx context.Context) ([]StreamView, error)

func (c *Client) Nak(ctx context.Context, token string, opts ...SettleOption) (ItemResult, error)
    Nak releases a delivery back to the consumer's schedule now. WithDelay
    overrides the consumer's backoff for this one nak; WithReason attaches why
    (truncated to the 4 KiB wire budget) so `messq trace` and the DLQ carry the
    cause.

func (c *Client) NewWorker(cfg WorkerConfig) (*Worker, error)
    NewWorker validates the configuration against this client's daemon address.

func (c *Client) PeekByID(ctx context.Context, id string) (MessageView, error)

func (c *Client) PeekMessage(ctx context.Context, stream string, seq int64) (MessageView, error)

func (c *Client) PeekMessageData(ctx context.Context, stream string, seq int64) ([]byte, error)

func (c *Client) Publish(ctx context.Context, stream string, m Msg) (PublishAck, error)
    Publish stores one message. The subject is required; a header in the Messq-
    namespace or an invalid header key is refused before any round trip.

func (c *Client) PublishBatch(ctx context.Context, stream string, msgs []Msg) ([]PublishAck, error)
    PublishBatch submits every message as ONE transaction (#14's
    messages:batch): all-or-nothing, one receipt per entry in input order. Over
    the server's default cap it refuses with ErrTooLarge — never a silent split.
    Chunk explicitly with MaxBatch.

func (c *Client) PublishReader(ctx context.Context, stream string, m Msg, body io.Reader, size int64) (PublishAck, error)
    PublishReader publishes body with a known size without materialising it.
    The reader is consumed once; a retry after an unknown commit is impossible
    for a plain reader, so pass a seeker-backed reader if you need that path to
    stay retry-safe.

func (c *Client) Term(ctx context.Context, token, reason string) (ItemResult, error)
    Term dead-letters a delivery immediately (T6): straight to <stream>.dlq with
    the reason as its Messq-Last-Reason header.

func (c *Client) UpdateConsumer(ctx context.Context, stream, name string, patch ConsumerPatch, opts ...AdminOption) (ConsumerView, error)

func (c *Client) UpdateStream(ctx context.Context, name string, patch StreamPatch, opts ...AdminOption) (StreamUpdateResult, error)

type Clock interface {
	// Now returns the current time. The monotonic reading matters: the Worker anchors
	// lease deadlines on it, never on the broker's wall-clock deadline_ms.
	Now() time.Time
	// NewTimer fires once after d. Stop and Reset mirror their time.Timer semantics.
	NewTimer(d time.Duration) Timer
}
    Clock is the package's time seam: every read of the clock and every timer
    in pkg/client goes through it, the same discipline internal/clock enforces
    server-side. Production callers never touch it; tests inject implementations
    (or run under testing/synctest, where the default clock is already virtual).

type ConsumerConfig struct {
	Name          string   `json:"name"`
	Filters       []string `json:"filters,omitempty"`
	AckWaitMS     int64    `json:"ack_wait_ms"`
	MaxDeliver    int32    `json:"max_deliver"`
	MaxAckPending int64    `json:"max_ack_pending"`
	BackoffMS     []int64  `json:"backoff_ms,omitempty"`
	DeadPolicy    string   `json:"dead_policy,omitempty"` // "" = default (drop on .dlq)
	Paused        bool     `json:"paused"`
	Start         string   `json:"start,omitempty"` // "first" | "new" | "seq:N" | "time:T"
}
    ConsumerConfig is the create-consumer form.

type ConsumerPatch struct {
	Filters       *[]string `json:"filters"`
	AckWaitMS     *int64    `json:"ack_wait_ms"`
	MaxDeliver    *int32    `json:"max_deliver"`
	MaxAckPending *int64    `json:"max_ack_pending"`
	BackoffMS     *[]int64  `json:"backoff_ms"`
	DeadPolicy    *string   `json:"dead_policy"`
	Paused        *bool     `json:"paused,omitempty"`
}
    ConsumerPatch is the sparse consumer update form.

type ConsumerView struct {
	Stream         string   `json:"stream"`
	Name           string   `json:"name"`
	Filters        []string `json:"filters"`
	AckWaitMS      int64    `json:"ack_wait_ms"`
	MaxDeliver     int32    `json:"max_deliver"`
	MaxAckPending  int64    `json:"max_ack_pending"`
	BackoffMS      []int64  `json:"backoff_ms"`
	DeadPolicy     string   `json:"dead_policy"`
	Paused         bool     `json:"paused"`
	CursorSeq      int64    `json:"cursor_seq"`
	Generation     int64    `json:"generation"`
	CreatedAt      int64    `json:"created_at"`
	RetryHorizonMS int64    `json:"retry_horizon_ms"`
	Pending        int64    `json:"pending"`
	Inflight       int64    `json:"inflight"`
	ReadyNow       int64    `json:"ready_now"`
	InBackoff      int64    `json:"in_backoff"`
}
    ConsumerView mirrors the daemon's consumer info wire shape, statistics
    included.

type Credential struct {
	// Has unexported fields.
}
    Credential is an opaque bearer credential. The zero value means "none".

func CredentialFromFile(path string) (Credential, error)
    CredentialFromFile loads #16's client credential: a 0600 file whose entire
    trimmed content is one token. A file whose first non-comment line holds four
    whitespace- separated fields is the SERVER's --auth-file; that confusion
    gets its own error naming both facts. Mode checks are left to the caller:
    CI checkouts legitimately carry wider modes, and refusing there would break
    `messq` for everyone (#16 keeps the server-side fatal; the client-side
    warning belongs to the CLI, which Stats the mode itself).

func TokenCredential(s string) Credential
    TokenCredential wraps a raw credential string, e.g. one typed on a command
    line.

func TokenFromEnv() (Credential, bool)
    TokenFromEnv reads MESSQ_TOKEN. A helper the CALLER invokes explicitly — the
    package itself reads no environment variables, ever.

func (c Credential) Format(f fmt.State, verb rune)
    Format implements fmt.Formatter so EVERY verb (%q, %x, %d, …) renders
    redacted.

func (c Credential) LogValue() slog.Value
    LogValue implements slog.LogValuer, redacted.

func (c Credential) MarshalJSON() ([]byte, error)
    MarshalJSON implements json.Marshaler, redacted.

func (c Credential) MarshalText() ([]byte, error)
    MarshalText implements encoding.TextMarshaler, redacted.

func (c Credential) Reveal() string
    Reveal returns the raw token — THE single sanctioned exit for the secret,
    kept greppable by name so audits stay trivial. Callers must never log or
    serialize it.

func (c Credential) String() string
    String implements fmt.Stringer, redacted.

func (c *Credential) UnmarshalText(b []byte) error
    UnmarshalText accepts the literal token form; the round trip is deliberately
    asymmetric (marshal redacts, unmarshal trusts the caller who already has
    it).

type DeleteResult struct {
	Messages  int64 `json:"messages"`
	Bytes     int64 `json:"bytes"`
	Consumers int64 `json:"consumers"`
}
    DeleteResult counts what a delete removed.

type Delivered struct {
	Stream      string            `json:"stream"`
	Consumer    string            `json:"consumer"`
	Seq         int64             `json:"seq"`
	ID          string            `json:"id"`
	Subject     string            `json:"subject"`
	Header      map[string]string `json:"headers,omitempty"`
	Body        []byte            `json:"body_b64"`
	Size        int64             `json:"size"`
	Attempt     int               `json:"attempt"`
	MaxDeliver  int               `json:"max_deliver"` // 0 = unlimited
	AckToken    string            `json:"ack_token"`
	DeadlineMS  int64             `json:"deadline_ms"`  // server wall clock — display/skew detection ONLY
	AckWaitMS   int64             `json:"ack_wait_ms"`  // a duration: skew-free; what scheduling uses
	PublishedAt int64             `json:"published_at"` // unix ms
	TraceID     string            `json:"trace_id"`
}
    Delivered is one message handed to a consumer. Body arrives base64 on the
    wire (body_b64) and decodes through encoding/json's []byte support — there
    is no hand-rolled base64 path anywhere in this package.

func (d *Delivered) AttemptOf() string
    AttemptOf renders the attempt as "2/5", or "2/∞" when max_deliver is 0
    (unlimited).

func (d *Delivered) DedupKey() string
    DedupKey is THE consumer-side deduplication key (PLAN §6): stream/seq,
    stable across every redelivery and across a dead-letter redrive — unlike
    msg_id, which is a publish-side identity.

func (d *Delivered) UnmarshalJSON(b []byte) error
    UnmarshalJSON decodes the wire shape and normalises a zero-length body to a
    non-nil empty slice, so callers never nil-check.

type Error struct {
	Code       string         // closed enum member; UNKNOWN CODES ARE PRESERVED
	Message    string         // the daemon's human sentence
	Next       []string       // teaching "what to type next"; render verbatim
	Detail     map[string]any // machine-readable specifics
	TraceID    string
	RequestID  string        // Messq-Request-Id response header
	Status     int           // HTTP status; 0 for local/transport failures
	RetryAfter time.Duration // parsed from Retry-After when present

	// Has unexported fields.
}
    Error is one failure of a messq request: the envelope the daemon wrote,
    plus the transport context around it. Unknown codes are preserved, never
    rejected.

func (e *Error) Error() string

func (e *Error) Is(target error) bool

func (e *Error) Unwrap() error
    Unwrap exposes the transport error behind unreachable/timeout
    classifications so errors.Is(err, context.DeadlineExceeded) keeps working
    through the wrapper.

type EventKind uint8
    EventKind names one observable worker occurrence. The words are §9.2's
    vocabulary, so a worker's log line and the broker's event row use one word
    for one thing.

const (
	EventStarted          EventKind = iota // preflight GetConsumer answered
	EventFetched                           // a fetch returned messages
	EventHandling                          // a handler started
	EventAcked                             // an ack landed
	EventNaked                             // a nak landed
	EventTermed                            // a term landed (straight to DLQ)
	EventExtended                          // one batched extend landed
	EventLeaseLost                         // the broker no longer honours a token
	EventLeaseCapped                       // T7's cap reached / extend_capped answered
	EventStaleAck                          // a settle came back stale
	EventHold                              // a fetch parked on a hold reason
	EventReconnect                         // transport failed; backing off
	EventPanicRecovered                    // a handler panicked; policy applied
	EventAckLost                           // an ack could not be delivered after retries
	EventHandlerTimeout                    // MaxLease reached with the handler still running
	EventClockSkew                         // |deadline_ms − localDeadline| > ackWait/2
	EventOutcomeDiscarded                  // a late handler result dropped: lease was lost
	EventDrained                           // the worker drained cleanly
)
    The worker event kinds.

func (k EventKind) String() string

type FetchRequest struct {
	Batch    int           // 0 ⇒ 1 (the server's default)
	Wait     time.Duration // 0 ⇒ single-shot
	MaxBytes int64         // 0 ⇒ the server's configured cap
}
    FetchRequest asks for up to Batch messages, parking server-side up to Wait
    when the consumer has nothing ready. Zero fields mean the server defaults
    (batch 1).

type FetchResponse struct {
	Messages   []Delivered
	Hold       HoldReason // "" | paused | flow_control | backoff | catching_up | empty | shutting_down
	RetryAfter time.Duration
	Pending    int64
	Backlog    int64
	Batch      int           // EFFECTIVE batch after server clamping
	MaxBytes   int64         // EFFECTIVE byte cap
	Wait       time.Duration // EFFECTIVE wait
}
    FetchResponse is the ONE fetch answer shape: possibly-empty messages plus
    why (Hold), how long to wait before asking again (RetryAfter), and the
    EFFECTIVE clamped request values the server actually used.

type Handler func(ctx context.Context, m *Delivered) error
    Handler processes one delivered message.

        nil                  → the message is acked
        wrapped by Permanent → termed straight to DLQ, reason = err
        wrapped by RetryAfter→ nakked with that explicit delay
        any other error      → nakked; the consumer's backoff schedule applies
        panic                → recovered per OnPanic (default: nak + keep running)

type HoldReason string
    HoldReason is the typed form of the fetch response's hold_reason: why a
    fetch returned without messages. The values are the closed set the wire
    carries today; unknown future values decode verbatim into the string type.

const (
	HoldNone         HoldReason = ""
	HoldPaused       HoldReason = "paused"
	HoldFlowControl  HoldReason = "flow_control"
	HoldBackoff      HoldReason = "backoff"
	HoldCatchingUp   HoldReason = "catching_up"
	HoldEmpty        HoldReason = "empty"
	HoldShuttingDown HoldReason = "shutting_down"
)
    The hold reasons, exactly as the daemon writes them.

type Info struct {
	Version     string `json:"version"`
	UptimeMS    int64  `json:"uptime_ms"`
	Durability  string `json:"durability"`
	Synchronous int    `json:"synchronous"`
	DBBytes     int64  `json:"db_bytes"`
	NodeID      string `json:"node_id"`
	// Dev is serve --dev's self-report (issue #26 §2), additive under #18's
	// classifier: doctor (#30) keys off it.
	Dev bool `json:"dev"`
	// Restored is present exactly when this data dir was restored from a
	// backup snapshot (#30 §5); clients treating provenance as optional may
	// ignore it safely.
	Restored *RestoredInfo `json:"restored,omitempty"`
}
    Info is the /v1/info shape: version, uptime, durability, db size, node id.

type ItemResult = SettleItem
    ItemResult is one token's settle outcome.

type Kind uint8
    Kind is #23's exit-code input: this package owns classification, the CLI
    owns policy.

const (
	KindOK Kind = iota
	KindUsage
	KindNotFound
	KindConflict
	KindPermission
	KindUnavailable
	KindTimeout
	// KindEmpty is reserved for "a well-formed answer that contains nothing" cases;
	// no mapping returns it today. It exists so #23's table is total over this enum.
	KindEmpty
	KindInternal
)
func Classify(err error) Kind
    Classify reduces any error to a Kind. nil is KindOK. A *Error maps by its
    code (unknown codes → KindInternal); anything else is either a timeout,
    an unreachable transport failure, or plain local misuse, which lands in
    KindInternal.

func (k Kind) String() string

type LeasePolicy uint8
    LeasePolicy decides what happens to a handler whose lease is gone.
    CancelHandler (the default and today only policy) cancels the handler's
    context with cause ErrLeaseLost; the handler's eventual result is discarded,
    never settled (§7.5).

const CancelHandler LeasePolicy = iota
type ListOptions struct {
	FromSeq     int64
	Subject     string
	Limit       int
	Order       string // "" | "asc" | "desc"
	IncludeBody bool   // note: with bodies the server tightens the effective limit tenfold
}
    ListOptions narrows a message listing; zero fields take server defaults.

type MessagePage struct {
	Messages     []MessageView `json:"messages"`
	Complete     bool          `json:"complete"`
	ScannedToSeq int64         `json:"scanned_to_seq"`
	Limit        int           `json:"limit"`
}
    MessagePage is one bounded page of ListMessages; Complete=false comes with
    ScannedToSeq as the resume point for wildcard scans.

type MessageView struct {
	Stream      string            `json:"stream"`
	Seq         int64             `json:"seq"`
	ID          string            `json:"id"`
	Subject     string            `json:"subject"`
	Header      map[string]string `json:"headers,omitempty"`
	Size        int64             `json:"size"`
	PublishedAt int64             `json:"published_at"`
	TraceID     string            `json:"trace_id"`
}
    MessageView is one stored message as inspection returns it (no body;
    bodies ride PeekMessageData raw or Fetch decoded).

type Msg struct {
	Subject string
	Body    []byte
	Header  map[string]string // user headers → Messq-Header-*
	MsgID   string            // → Messq-Msg-Id; makes a publish retry-safe (§5.1)
	TraceID string            // → Messq-Trace-Id; empty ⇒ the server mints one
}
    Msg is one message to publish. Header keys ride as Messq-Header-* request
    headers; a key whose canonical form starts with "Messq-" is rejected locally
    (the daemon's reserved namespace), as are keys that cannot be MIME header
    names.

type Option func(*Client) error
    Option configures a Client.

func WithClock(clk Clock) Option
    WithClock replaces the time seam. Production callers never need it; tests
    run under testing/synctest or supply their own Clock.

func WithCredential(cred Credential) Option
    WithCredential attaches a bearer credential (#16) sent as "Authorization:
    Bearer <token>" on every request.

func WithHTTPClient(hc *http.Client) Option
    WithHTTPClient supplies the caller's own *http.Client: they own transport,
    timeouts and TLS (#40). A client whose Timeout would cut a long poll short
    is refused at construction — a mysterious context deadline exceeded on every
    idle fetch is the bug this refusal prevents. Re-run your own check against
    WorkerConfig.Wait if you raise it.

func WithMaxResponseBytes(n int64) Option
    WithMaxResponseBytes caps how much of any response body is read before the
    client gives up with an error wrapping ErrTooLarge. Default 64 MiB.

func WithProxy(f func(*http.Request) (*url.URL, error)) Option
    WithProxy opts INTO proxy resolution (typically http.ProxyFromEnvironment).
    The default is nil: HTTP_PROXY silently rerouting a localhost broker
    call through a corporate proxy is a classic half-day debugging session,
    and nonsense over a socket.

func WithRequestTimeout(d time.Duration) Option
    WithRequestTimeout bounds control-plane requests. It is NEVER applied to
    Fetch — a long poll owns its wait. Default 30s; zero disables.

func WithUserAgent(ua string) Option
    WithUserAgent overrides the default user agent.

type PanicPolicy uint8
    PanicPolicy decides what a recovered handler panic does.

const (
	NakAndContinue PanicPolicy = iota // default: nak "panic: …", worker keeps running
	TermOnPanic                       // term straight to DLQ
	Repanic                           // propagate: the process dies loudly
)
type PublishAck struct {
	Stream      string `json:"stream"`
	Seq         int64  `json:"seq"`
	ID          string `json:"id"` // ULID
	TraceID     string `json:"trace_id"`
	Duplicate   bool   `json:"duplicate"` // dedup hit — success, not an error
	PublishedAt int64  `json:"published_at"`
}
    PublishAck is the receipt of one stored (or deduplicated) message.

type PublishBatchAck struct {
	Stream  string       `json:"stream"`
	Results []PublishAck `json:"results"`
}
    PublishBatchAck reports one receipt per entry of a batch, in input order.

type RestoredInfo struct {
	RestoredAt   string           `json:"restored_at"`
	SnapshotAt   string           `json:"snapshot_at"`
	SourceNodeID string           `json:"source_node_id"`
	StreamHeads  map[string]int64 `json:"stream_heads,omitempty"`
	ToolVersion  string           `json:"tool_version,omitempty"`
}
    RestoredInfo mirrors /v1/info's restored object.

type RetryAfterError struct {
	Delay time.Duration
	Cause error
}
    RetryAfterError carries an explicit nak delay past the handler boundary.

func (e *RetryAfterError) Error() string

func (e *RetryAfterError) Unwrap() error

type SettleItem struct {
	Token          string       `json:"token"`
	Status         SettleStatus `json:"result"`
	Reason         string       `json:"reason,omitempty"`
	TokenAttempt   int          `json:"token_attempt,omitempty"`
	CurrentAttempt int          `json:"current_attempt,omitempty"`
}
    SettleItem is the per-token outcome. Results arrive in REQUEST order,
    including tokens that could not be parsed (those come back unknown).

type SettleOption func(body *settleItemWire, delay **time.Duration, reason *string)
    SettleOption is one optional parameter of Nak.

func WithDelay(d time.Duration) SettleOption
    WithDelay sets an explicit visibility delay for this nak (T4), overriding
    the consumer's backoff schedule for this release.

func WithReason(s string) SettleOption
    WithReason attaches a cause string; truncated to 4 KiB client-side so the
    wire budget of #10's --max-reason-bytes can never be exceeded from here.

type SettleResult struct {
	Results []SettleItem `json:"results"`
	OK      int          `json:"ok"`
	Stale   int          `json:"stale"`
	Unknown int          `json:"unknown"`
}
    SettleResult is the whole settle answer: per-token results plus the honest
    counters. Present even on all-failed responses, so per-token truth never
    depends on the HTTP status.

func (r SettleResult) Item() SettleItem
    Item maps a token to its outcome; convenience over Results for single-token
    calls.

type SettleStatus string
    SettleStatus is the frozen five-value outcome vocabulary of one settle
    item (#10): ok did it; stale was nothing-to-do; stale_ack says a duplicate
    probably happened (D7); wrong_generation fences an older consumer
    generation; unknown means the token could not be resolved at all. Unknown
    future values survive decode verbatim.

const (
	SettleOK              SettleStatus = "ok"
	SettleStale           SettleStatus = "stale"
	SettleStaleAck        SettleStatus = "stale_ack"
	SettleWrongGeneration SettleStatus = "wrong_generation"
	SettleUnknown         SettleStatus = "unknown"
)
    The settle item statuses.

type StreamConfig struct {
	Name          string   `json:"name"`
	Subjects      []string `json:"subjects,omitempty"`
	Retention     string   `json:"retention,omitempty"`
	MaxMsgs       int64    `json:"max_msgs"`
	MaxBytes      int64    `json:"max_bytes"`
	MaxAgeMS      int64    `json:"max_age_ms"`
	MaxMsgSize    int64    `json:"max_msg_size"`
	Discard       string   `json:"discard,omitempty"`
	DedupWindowMS int64    `json:"dedup_window_ms"`
}
    StreamConfig is the create-stream form; zero fields take the server's
    defaults.

type StreamPatch struct {
	Subjects      *[]string `json:"subjects"`
	Retention     *string   `json:"retention"`
	MaxMsgs       *int64    `json:"max_msgs"`
	MaxBytes      *int64    `json:"max_bytes"`
	MaxAgeMS      *int64    `json:"max_age_ms"`
	MaxMsgSize    *int64    `json:"max_msg_size"`
	Discard       *string   `json:"discard"`
	DedupWindowMS *int64    `json:"dedup_window_ms"`
}
    StreamPatch is the sparse update form: nil fields are left unchanged.

type StreamUpdateResult struct {
	StreamView
	NarrowedMsgs int64 `json:"narrowed_msgs"`
}
    StreamUpdateResult carries the updated view plus how many stored messages a
    narrowed subject set left behind.

type StreamView struct {
	Name          string   `json:"name"`
	Subjects      []string `json:"subjects"`
	Retention     string   `json:"retention"`
	MaxMsgs       int64    `json:"max_msgs"`
	MaxBytes      int64    `json:"max_bytes"`
	MaxAgeMS      int64    `json:"max_age_ms"`
	MaxMsgSize    int64    `json:"max_msg_size"`
	Discard       string   `json:"discard"`
	DedupWindowMS int64    `json:"dedup_window_ms"`
	CreatedAt     int64    `json:"created_at"`
	FirstSeq      int64    `json:"first_seq"`
	LastSeq       int64    `json:"last_seq"`
	Msgs          int64    `json:"msgs"`
	Bytes         int64    `json:"bytes"`
	DLQ           bool     `json:"dlq,omitempty"`
	Origin        string   `json:"origin,omitempty"`
}
    StreamView mirrors the daemon's stream info wire shape.

type Timer interface {
	C() <-chan time.Time
	Stop() bool
	Reset(d time.Duration) bool
}
    Timer is the one timer shape the package needs.

type Worker struct {
	// Has unexported fields.
}
    Worker runs the fetch→handle→settle loop for one stream/consumer pair.
    Construct with Client.NewWorker; Run is mutually exclusive per Worker value.

func (w *Worker) Drain(ctx context.Context) error
    Drain stops fetching, lets in-flight handlers finish (extending throughout),
    settles what completed, and naks whatever remains with reason="worker
    draining". It returns nil once the worker shut down, or an error if the
    drain budget ran out.

func (w *Worker) Run(ctx context.Context, h Handler) (rerr error)
    Run blocks until ctx is done, Drain finishes the worker, or a fatal error
    occurs. A handler that outlives its lease's death is NOT killed (Go cannot);
    it is reported via LeakedHandlers and its late result is discarded.

func (w *Worker) Stats() WorkerStats
    Stats snapshots the counters (#31 samples them).

type WorkerConfig struct {
	Stream, Consumer string

	Concurrency int           // default 1
	Batch       int           // default 0 ⇒ min(free slots, server cap); never more than FREE slots
	Wait        time.Duration // long-poll wait, default 30s
	Prefetch    bool          // default false; relaxes the free-slot bound (keeper heartbeats queued leases)

	ExtendAt float64       // fraction of ack_wait for the extend schedule; default 0.5
	MaxLease time.Duration // stop extending past this total hold; default 0 ⇒ server cap (T7, 1h)

	OnLeaseLost LeasePolicy // CancelHandler (default)
	OnPanic     PanicPolicy // NakAndContinue (default)

	AckWindow    time.Duration // settle coalescing window; default 5ms; 0 disables batching
	AckRetries   int           // retries for an ack lost to transport failure; default 3 (T3a: repeats are safe)
	Backoff      BackoffConfig // 100ms → 30s ×2 ±20%
	DrainTimeout time.Duration // default 30s
	FailFast     bool          // a deleted consumer turns fatal instead of backing off

	OnEvent func(WorkerEvent)
	Logger  *slog.Logger // optional; nil ⇒ silent
}
    WorkerConfig configures Client.NewWorker. Every field has a defensible zero
    value.

type WorkerEvent struct {
	Kind     EventKind
	Msg      *Delivered    // the message concerned, when there is one
	Err      error         // warning text (Started), the handler's error, or the cause
	Duration time.Duration // handling duration where meaningful
	Hold     HoldReason    // EventHold only
	Attempt  int           // delivery attempt, where known
	Stack    []byte        // EventPanicRecovered only
}
    WorkerEvent is the struct-typed observability callback payload: no logging
    dependency, renderable by #23/#25 however they like.

type WorkerStats struct {
	Fetched        int64 // messages claimed
	Acked          int64
	Naked          int64
	Termed         int64
	Extends        int64 // TOKENS extended, across batched requests
	LeaseLost      int64
	StaleAcks      int64
	Reconnects     int64
	LeakedHandlers int64 // handlers still running past their lease's death
}
    WorkerStats is the counter set #31 samples between polls.

