201
{
  "results": [
    {
      "duplicate": false,
      "id": "<ulid>",
      "published_at": "<ts>",
      "seq": 1,
      "stream": "orders",
      "trace_id": "<trace-id>"
    },
    {
      "duplicate": false,
      "id": "<ulid>",
      "published_at": "<ts>",
      "seq": 2,
      "stream": "orders",
      "trace_id": "<trace-id>"
    }
  ],
  "stream": "orders"
}
