GET /healthz healthz readonly
GET /readyz readyz readonly
GET /metrics metrics readonly
GET /v1/info info readonly
POST /v1/admin/log-level admin_log_level mutating
POST /v1/streams create_stream mutating
GET /v1/streams list_streams readonly
GET /v1/streams/{stream} get_stream readonly
PATCH /v1/streams/{stream} update_stream mutating
DELETE /v1/streams/{stream} delete_stream mutating
POST /v1/streams/{stream}/messages publish_message mutating
POST /v1/streams/{stream}/messages:batch publish_batch mutating
GET /v1/streams/{stream}/messages list_messages readonly
GET /v1/streams/{stream}/messages/{seq} peek_message readonly
GET /v1/streams/{stream}/messages/{seq}/data peek_message_data readonly
GET /v1/messages/{id} peek_by_id readonly
POST /v1/streams/{stream}/consumers create_consumer mutating
GET /v1/streams/{stream}/consumers list_consumers readonly
GET /v1/streams/{stream}/consumers/{consumer} get_consumer readonly
PATCH /v1/streams/{stream}/consumers/{consumer} update_consumer mutating
DELETE /v1/streams/{stream}/consumers/{consumer} delete_consumer mutating
POST /v1/streams/{stream}/consumers/{consumer}/fetch fetch_consumer mutating
POST /v1/ack ack mutating
POST /v1/nak nak mutating
POST /v1/term term mutating
POST /v1/extend extend mutating
 / catch_all readonly
