200
[
  {
    "bytes": 0,
    "created_at": "<ts>",
    "dedup_window_ms": 120000,
    "discard": "old",
    "first_seq": 0,
    "last_seq": 0,
    "max_age_ms": 604800000,
    "max_bytes": 0,
    "max_msg_size": 1048576,
    "max_msgs": 0,
    "msgs": 0,
    "name": "orders",
    "retention": "limits",
    "subjects": [
      "orders.>"
    ]
  },
  {
    "bytes": 0,
    "created_at": "<ts>",
    "dedup_window_ms": 120000,
    "discard": "old",
    "first_seq": 0,
    "last_seq": 0,
    "max_age_ms": 604800000,
    "max_bytes": 0,
    "max_msg_size": 1048576,
    "max_msgs": 0,
    "msgs": 0,
    "name": "shipments",
    "retention": "limits",
    "subjects": [
      ">"
    ]
  }
]
