{
  "items": [
    {
      "seq": 10496,
      "id": "01J8ZQ4P0000000000000000",
      "subject": "orders.eu.created",
      "bytes": 1229,
      "age_ms": 12000
    },
    {
      "seq": 10495,
      "id": "01J8ZQ4M0000000000000000",
      "subject": "orders.us.created",
      "bytes": 922,
      "age_ms": 101000
    },
    {
      "seq": 10494,
      "id": "01J8ZQ4K2M9V0X7Y3B5N6C8D1E",
      "subject": "orders.eu.created",
      "bytes": 1229,
      "age_ms": 134000
    }
  ],
  "complete": true,
  "scanned_to_seq": 10496,
  "next": [
    {
      "Cmd": "messq peek orders --seq 10496 --raw",
      "Why": ""
    },
    {
      "Cmd": "messq trace 01J8ZQ4P0000000000000000",
      "Why": ""
    }
  ]
}
